[14:45:14] [ServerMain/INFO]: [bootstrap] Running Java 21 (Java HotSpot(TM) 64-Bit Server VM 21.0.3+7-LTS-152; Oracle Corporation null) on Windows 11 10.0 (amd64)
[14:45:14] [ServerMain/INFO]: [bootstrap] Loading Paper 1.21.8-22-main@bf465e0 (2025-08-03T15:29:10Z) for Minecraft 1.21.8
[14:45:15] [ServerMain/INFO]: [PluginInitializerManager] Initializing plugins...
[14:45:15] [ServerMain/INFO]: [PluginInitializerManager] Initialized 0 plugins
[14:45:21] [ServerMain/INFO]: Environment: Environment[sessionHost=https://sessionserver.mojang.com, servicesHost=https://api.minecraftservices.com, name=PROD]
[14:45:21] [ServerMain/INFO]: Found new data pack file/bukkit, loading it automatically
[14:45:21] [ServerMain/INFO]: Found new data pack paper, loading it automatically
[14:45:22] [ServerMain/INFO]: No existing world data, creating new world
[14:45:22] [ServerMain/INFO]: Loaded 1407 recipes
[14:45:23] [ServerMain/INFO]: Loaded 1520 advancements
[14:45:23] [ServerMain/INFO]: [ca.spottedleaf.dataconverter.minecraft.datatypes.MCTypeRegistry] Initialising converters for DataConverter...
[14:45:23] [ServerMain/INFO]: [ca.spottedleaf.dataconverter.minecraft.datatypes.MCTypeRegistry] Finished initialising converters for DataConverter in 391,0ms
[14:45:23] [Server thread/INFO]: Starting minecraft server version 1.21.8
[14:45:23] [Server thread/INFO]: Loading properties
[14:45:23] [Server thread/INFO]: This server is running Paper version 1.21.8-22-main@bf465e0 (2025-08-03T15:29:10Z) (Implementing API version 1.21.8-R0.1-SNAPSHOT)
[14:45:23] [Server thread/INFO]: [spark] This server bundles the spark profiler. For more information please visit https://docs.papermc.io/paper/profiling
[14:45:23] [Server thread/INFO]: Server Ping Player Sample Count: 12
[14:45:23] [Server thread/INFO]: Using 4 threads for Netty based IO
[14:45:24] [Server thread/INFO]: [MoonriseCommon] Paper is using 3 worker threads, 1 I/O threads
[14:45:24] [Server thread/INFO]: [ChunkTaskScheduler] Chunk system is using population gen parallelism: true
[14:45:24] [Server thread/INFO]: Default game type: SURVIVAL
[14:45:24] [Server thread/INFO]: Generating keypair
[14:45:24] [Server thread/INFO]: Starting Minecraft server on *:25565
[14:45:24] [Server thread/INFO]: Using default channel type
[14:45:24] [Server thread/INFO]: Paper: Using Java compression from Velocity.
[14:45:24] [Server thread/INFO]: Paper: Using Java cipher from Velocity.
[14:45:24] [Server thread/INFO]: Preparing level "world"
[14:45:29] [Server thread/INFO]: Preparing start region for dimension minecraft:overworld
[14:45:29] [Server thread/INFO]: Preparing spawn area: 2%
[14:45:30] [Server thread/INFO]: Preparing spawn area: 2%
[14:45:30] [Server thread/INFO]: Preparing spawn area: 18%
[14:45:31] [Server thread/INFO]: Preparing spawn area: 18%
[14:45:31] [Server thread/INFO]: Preparing spawn area: 65%
[14:45:31] [Server thread/INFO]: Time elapsed: 2045 ms
[14:45:31] [Server thread/INFO]: Preparing start region for dimension minecraft:the_nether
[14:45:31] [Server thread/INFO]: Preparing spawn area: 2%
[14:45:32] [Server thread/INFO]: Preparing spawn area: 51%
[14:45:32] [Server thread/INFO]: Time elapsed: 684 ms
[14:45:32] [Server thread/INFO]: Preparing start region for dimension minecraft:the_end
[14:45:32] [Server thread/INFO]: Preparing spawn area: 2%
[14:45:32] [Server thread/INFO]: Time elapsed: 189 ms
[14:45:32] [Server thread/INFO]: [spark] Starting background profiler...
[14:45:32] [Server thread/INFO]: [spark] The async-profiler engine is not supported for your os/arch (windows11/amd64), so the built-in Java engine will be used instead.
[14:45:32] [Server thread/INFO]: Done preparing level "world" (7.984s)
[14:45:32] [Server thread/INFO]: Running delayed init tasks
[14:45:32] [Server thread/INFO]: Done (19.711s)! For help, type "help"
[14:45:32] [Server thread/INFO]: *************************************************************************************
[14:45:32] [Server thread/INFO]: This is the first time you're starting this server.
[14:45:32] [Server thread/INFO]: It's recommended you read our 'Getting Started' documentation for guidance.
[14:45:32] [Server thread/INFO]: View this and more helpful information here: https://docs.papermc.io/paper/next-steps
[14:45:32] [Server thread/INFO]: *************************************************************************************
[14:45:55] [User Authenticator #0/INFO]: UUID of player lorspi is f8862d2c-39bb-4246-aacc-ce55a2fca150
[14:45:55] [Server thread/INFO]: lorspi joined the game
[14:45:55] [Server thread/INFO]: lorspi[/127.0.0.1:60599] logged in with entity id 44 at ([world]226.5, 70.0, -136.5)
[14:46:14] [Async Chat Thread - #1/INFO]: <lorspi> hola
[14:46:45] [Server thread/INFO]: lorspi lost connection: Disconnected
[14:46:45] [Server thread/INFO]: lorspi left the game
[14:46:51] [Server thread/INFO]: Stopping the server
[14:46:51] [Server thread/INFO]: Stopping server
[14:46:52] [Server thread/INFO]: Saving players
[14:46:52] [Server thread/INFO]: Saving worlds
[14:46:52] [Server thread/INFO]: Saving chunks for level 'ServerLevel[world]'/minecraft:overworld
[14:46:52] [Server thread/INFO]: [ChunkHolderManager] Waiting 60s for chunk system to halt for world 'world'
[14:46:52] [Server thread/INFO]: [ChunkHolderManager] Halted chunk system for world 'world'
[14:46:52] [Server thread/INFO]: [ChunkHolderManager] Saving all chunkholders for world 'world'
[14:46:53] [Server thread/INFO]: [ChunkHolderManager] Saved 2209 block chunks, 625 entity chunks, 2 poi chunks in world 'world' in 1,20s
[14:46:53] [Server thread/INFO]: [ChunkHolderManager] Waiting 60s for chunk I/O to halt for world 'world'
[14:46:53] [Server thread/INFO]: [ChunkHolderManager] Halted I/O scheduler for world 'world'
[14:46:53] [Server thread/INFO]: Saving chunks for level 'ServerLevel[world_nether]'/minecraft:the_nether
[14:46:53] [Server thread/INFO]: [ChunkHolderManager] Waiting 60s for chunk system to halt for world 'world_nether'
[14:46:53] [Server thread/INFO]: [ChunkHolderManager] Halted chunk system for world 'world_nether'
[14:46:53] [Server thread/INFO]: [ChunkHolderManager] Saving all chunkholders for world 'world_nether'
[14:46:53] [Server thread/INFO]: [ChunkHolderManager] Saved 841 block chunks, 49 entity chunks, 0 poi chunks in world 'world_nether' in 0,14s
[14:46:53] [Server thread/INFO]: [ChunkHolderManager] Waiting 60s for chunk I/O to halt for world 'world_nether'
[14:46:53] [Server thread/INFO]: [ChunkHolderManager] Halted I/O scheduler for world 'world_nether'
[14:46:53] [Server thread/INFO]: Saving chunks for level 'ServerLevel[world_the_end]'/minecraft:the_end
[14:46:53] [Server thread/INFO]: [ChunkHolderManager] Waiting 60s for chunk system to halt for world 'world_the_end'
[14:46:53] [Server thread/INFO]: [ChunkHolderManager] Halted chunk system for world 'world_the_end'
[14:46:53] [Server thread/INFO]: [ChunkHolderManager] Saving all chunkholders for world 'world_the_end'
[14:46:53] [Server thread/INFO]: [ChunkHolderManager] Saved 841 block chunks, 49 entity chunks, 0 poi chunks in world 'world_the_end' in 0,12s
[14:46:53] [Server thread/INFO]: [ChunkHolderManager] Waiting 60s for chunk I/O to halt for world 'world_the_end'
[14:46:53] [Server thread/INFO]: [ChunkHolderManager] Halted I/O scheduler for world 'world_the_end'
[14:46:53] [Server thread/INFO]: ThreadedAnvilChunkStorage (world): All chunks are saved
[14:46:53] [Server thread/INFO]: ThreadedAnvilChunkStorage (DIM-1): All chunks are saved
[14:46:53] [Server thread/INFO]: ThreadedAnvilChunkStorage (DIM1): All chunks are saved
[14:46:53] [Server thread/INFO]: ThreadedAnvilChunkStorage: All dimensions are saved
[14:46:53] [Server thread/INFO]: Waiting for all RegionFile I/O tasks to complete...
[14:46:53] [Server thread/INFO]: All RegionFile I/O tasks to complete
[14:46:53] [Server thread/INFO]: [MoonriseCommon] Awaiting termination of worker pool for up to 60s...
[14:46:53] [Server thread/INFO]: [MoonriseCommon] Awaiting termination of I/O pool for up to 60s...
